// Jest Snapshot v1, https://goo.gl/fbAQLP

exports[`Cart checkout should return an object with the total and the list of items 1`] = `
Object {
  "formatted": "R$4,457.76",
  "items": Array [
    Object {
      "product": Object {
        "price": 35388,
        "title": "Headset",
      },
      "quantity": 2,
    },
    Object {
      "product": Object {
        "price": 125000,
        "title": "Laptop",
      },
      "quantity": 3,
    },
  ],
  "total": Object {
    "amount": 445776,
    "currency": "BRL",
    "precision": 2,
  },
}
`;

exports[`Cart checkout should return an object with the total and the list of items when summary() is called 1`] = `
Object {
  "formatted": "R$4,457.76",
  "items": Array [
    Object {
      "product": Object {
        "price": 35388,
        "title": "Headset",
      },
      "quantity": 2,
    },
    Object {
      "product": Object {
        "price": 125000,
        "title": "Laptop",
      },
      "quantity": 3,
    },
  ],
  "total": Object {
    "amount": 445776,
    "currency": "BRL",
    "precision": 2,
  },
}
`;
